// Jest Snapshot v1, https://goo.gl/fbAQLP

exports[`renders Loader correctly 1`] = `
<styled.div>
  <styled.img
    alt="loading"
    src="spinner.gif"
  />
</styled.div>
`;
