// Jest Snapshot v1, https://goo.gl/fbAQLP

exports[`renders Container correctly 1`] = `
<styled.div>
  TEST
</styled.div>
`;
